09-06 19:04:47.262 11115 11133 I TestRunner: started: entree_menu_item_content(com.example.lunchtray.MenuContentTests)
09-06 19:04:47.299 11115 11133 W Settings: Setting always_finish_activities has moved from android.provider.Settings.System to android.provider.Settings.Global, returning read-only value.
09-06 19:04:47.323 11115 11133 D CompatibilityChangeReporter: Compat change id reported: 160794467; UID 10149; state: ENABLED
09-06 19:04:47.559   549   577 W system_server: Long monitor contention with owner Binder:549_A (932) at com.android.server.policy.WindowManagerPolicy$StartingSurface com.android.server.wm.StartingSurfaceController.createSplashScreenStartingSurface(com.android.server.wm.ActivityRecord, java.lang.String, int, android.content.res.CompatibilityInfo, java.lang.CharSequence, int, int, int, int, android.content.res.Configuration, int)(StartingSurfaceController.java:73) waiters=0 in void com.android.server.wm.TaskChangeNotificationController.forAllRemoteListeners(com.android.server.wm.TaskChangeNotificationController$TaskStackConsumer, android.os.Message) for 139ms
09-06 19:04:47.581   549   578 W system_server: Long monitor contention with owner Binder:549_A (932) at com.android.server.policy.WindowManagerPolicy$StartingSurface com.android.server.wm.StartingSurfaceController.createSplashScreenStartingSurface(com.android.server.wm.ActivityRecord, java.lang.String, int, android.content.res.CompatibilityInfo, java.lang.CharSequence, int, int, int, int, android.content.res.Configuration, int)(StartingSurfaceController.java:73) waiters=1 in void com.android.server.wm.InputMonitor$UpdateInputWindows.run() for 155ms
09-06 19:04:47.834  2340  2340 I GsaVoiceInteractionSrv: Handling ACTION_STOP_HOTWORD
09-06 19:04:47.881  1912  1923 W ocess.gservice: Reducing the number of considered missed Gc histogram windows from 295 to 100
09-06 19:04:47.889 11115 11115 D LifecycleMonitor: Lifecycle status change: androidx.test.core.app.InstrumentationActivityInvoker$BootstrapActivity@770c76b in: PRE_ON_CREATE
09-06 19:04:47.890 11115 11115 V ActivityScenario: Activity lifecycle changed event received but ignored because the intent does not match. startActivityIntent=Intent { act=android.intent.action.MAIN cat=[android.intent.category.LAUNCHER] cmp=com.example.lunchtray/androidx.fragment.app.testing.FragmentScenario$EmptyFragmentActivity (has extras) }, activity.getIntent()=Intent { act=android.intent.action.MAIN cat=[android.intent.category.LAUNCHER] flg=0x10008000 cmp=com.example.lunchtray/androidx.test.core.app.InstrumentationActivityInvoker$BootstrapActivity (has extras) }, activity=androidx.test.core.app.InstrumentationActivityInvoker$BootstrapActivity@770c76b
09-06 19:04:47.900  1123  1695 D EGL_emulation: app_time_stats: avg=13317.52ms min=13317.52ms max=13317.52ms count=1
09-06 19:04:47.976  2340  2340 E HwDetectorWithState: a: 3
09-06 19:04:48.137   743  1017 D SplashScreenView: Build android.window.SplashScreenView{c0a411b V.E...... ......ID 0,0-0,0}
09-06 19:04:48.137   743  1017 D SplashScreenView: Icon: view: null drawable: null size: 0
09-06 19:04:48.137   743  1017 D SplashScreenView: Branding: view: android.view.View{61622b8 G.ED..... ......I. 0,0-0,0 #10204a6 android:id/splashscreen_branding_view} drawable: null size w: 0 h: 0
09-06 19:04:48.213 11115 11137 D libEGL  : loaded /vendor/lib64/egl/libEGL_emulation.so
09-06 19:04:48.285 11115 11137 D libEGL  : loaded /vendor/lib64/egl/libGLESv1_CM_emulation.so
09-06 19:04:48.295 11115 11115 D LifecycleMonitor: Lifecycle status change: androidx.test.core.app.InstrumentationActivityInvoker$BootstrapActivity@770c76b in: CREATED
09-06 19:04:48.301 11115 11137 D libEGL  : loaded /vendor/lib64/egl/libGLESv2_emulation.so
09-06 19:04:48.305 11115 11115 V ActivityScenario: Activity lifecycle changed event received but ignored because the intent does not match. startActivityIntent=Intent { act=android.intent.action.MAIN cat=[android.intent.category.LAUNCHER] cmp=com.example.lunchtray/androidx.fragment.app.testing.FragmentScenario$EmptyFragmentActivity (has extras) }, activity.getIntent()=Intent { act=android.intent.action.MAIN cat=[android.intent.category.LAUNCHER] flg=0x10008000 cmp=com.example.lunchtray/androidx.test.core.app.InstrumentationActivityInvoker$BootstrapActivity (has extras) }, activity=androidx.test.core.app.InstrumentationActivityInvoker$BootstrapActivity@770c76b
09-06 19:04:48.309 11115 11115 D LifecycleMonitor: Lifecycle status change: androidx.test.core.app.InstrumentationActivityInvoker$BootstrapActivity@770c76b in: STARTED
09-06 19:04:48.312 11115 11115 V ActivityScenario: Activity lifecycle changed event received but ignored because the intent does not match. startActivityIntent=Intent { act=android.intent.action.MAIN cat=[android.intent.category.LAUNCHER] cmp=com.example.lunchtray/androidx.fragment.app.testing.FragmentScenario$EmptyFragmentActivity (has extras) }, activity.getIntent()=Intent { act=android.intent.action.MAIN cat=[android.intent.category.LAUNCHER] flg=0x10008000 cmp=com.example.lunchtray/androidx.test.core.app.InstrumentationActivityInvoker$BootstrapActivity (has extras) }, activity=androidx.test.core.app.InstrumentationActivityInvoker$BootstrapActivity@770c76b
09-06 19:04:48.364   325   391 D goldfish-address-space: claimShared: Ask to claim region [0x3f2bf8000 0x3f359c000]
09-06 19:04:48.375 11115 11115 D LifecycleMonitor: Lifecycle status change: androidx.test.core.app.InstrumentationActivityInvoker$BootstrapActivity@770c76b in: RESUMED
09-06 19:04:48.375 11115 11115 V ActivityScenario: Activity lifecycle changed event received but ignored because the intent does not match. startActivityIntent=Intent { act=android.intent.action.MAIN cat=[android.intent.category.LAUNCHER] cmp=com.example.lunchtray/androidx.fragment.app.testing.FragmentScenario$EmptyFragmentActivity (has extras) }, activity.getIntent()=Intent { act=android.intent.action.MAIN cat=[android.intent.category.LAUNCHER] flg=0x10008000 cmp=com.example.lunchtray/androidx.test.core.app.InstrumentationActivityInvoker$BootstrapActivity (has extras) }, activity=androidx.test.core.app.InstrumentationActivityInvoker$BootstrapActivity@770c76b
09-06 19:04:48.397 11115 11115 D LifecycleMonitor: Lifecycle status change: androidx.test.core.app.InstrumentationActivityInvoker$BootstrapActivity@770c76b in: PAUSED
09-06 19:04:48.398 11115 11115 V ActivityScenario: Activity lifecycle changed event received but ignored because the intent does not match. startActivityIntent=Intent { act=android.intent.action.MAIN cat=[android.intent.category.LAUNCHER] cmp=com.example.lunchtray/androidx.fragment.app.testing.FragmentScenario$EmptyFragmentActivity (has extras) }, activity.getIntent()=Intent { act=android.intent.action.MAIN cat=[android.intent.category.LAUNCHER] flg=0x10008000 cmp=com.example.lunchtray/androidx.test.core.app.InstrumentationActivityInvoker$BootstrapActivity (has extras) }, activity=androidx.test.core.app.InstrumentationActivityInvoker$BootstrapActivity@770c76b
09-06 19:04:48.573 11115 11115 D LifecycleMonitor: Lifecycle status change: androidx.fragment.app.testing.FragmentScenario$EmptyFragmentActivity@4981655 in: PRE_ON_CREATE
09-06 19:04:48.575 11115 11115 V ActivityScenario: Activity lifecycle changed event received but ignored because the reported transition was not ON_CREATE while the last known transition was PRE_ON_CREATE
09-06 19:04:48.698   325   391 D goldfish-address-space: claimShared: Ask to claim region [0x3f4fd0000 0x3f5974000]
09-06 19:04:48.834 11115 11115 D LifecycleMonitor: Lifecycle status change: androidx.fragment.app.testing.FragmentScenario$EmptyFragmentActivity@4981655 in: CREATED
09-06 19:04:48.837 11115 11115 V ActivityScenario: Update currentActivityStage to CREATED, currentActivity=androidx.fragment.app.testing.FragmentScenario$EmptyFragmentActivity@4981655
09-06 19:04:48.843 11115 11115 D LifecycleMonitor: Lifecycle status change: androidx.fragment.app.testing.FragmentScenario$EmptyFragmentActivity@4981655 in: STARTED
09-06 19:04:48.843 11115 11115 V ActivityScenario: Update currentActivityStage to STARTED, currentActivity=androidx.fragment.app.testing.FragmentScenario$EmptyFragmentActivity@4981655
09-06 19:04:48.847 11115 11115 D LifecycleMonitor: Lifecycle status change: androidx.fragment.app.testing.FragmentScenario$EmptyFragmentActivity@4981655 in: RESUMED
09-06 19:04:48.848 11115 11115 V ActivityScenario: Update currentActivityStage to RESUMED, currentActivity=androidx.fragment.app.testing.FragmentScenario$EmptyFragmentActivity@4981655
09-06 19:04:48.869   325   391 D goldfish-address-space: claimShared: Ask to claim region [0x3f6cbc000 0x3f7660000]
09-06 19:04:49.136   743   770 I OpenGLRenderer: Davey! duration=727ms; Flags=1, FrameTimelineVsyncId=55467, IntendedVsync=17842913724538, Vsync=17842930391204, InputEventId=0, HandleInputStart=17842941459000, AnimationStart=17842941476100, PerformTraversalsStart=17842941563600, DrawStart=17843370025500, FrameDeadline=17842930391204, FrameInterval=17842941448000, FrameStartTime=16666666, SyncQueued=17843370716400, SyncStart=17843478319400, IssueDrawCommandsStart=17843479325400, SwapBuffers=17843479454900, FrameCompleted=17843748366500, DequeueBufferDuration=90300, QueueBufferDuration=232581400, GpuCompleted=17843553617900, SwapBuffersCompleted=17843748366500, DisplayPresentTime=0,
09-06 19:04:49.241 11115 11115 D LifecycleMonitor: Lifecycle status change: androidx.test.core.app.InstrumentationActivityInvoker$BootstrapActivity@770c76b in: STOPPED
09-06 19:04:49.241 11115 11115 V ActivityScenario: Activity lifecycle changed event received but ignored because the intent does not match. startActivityIntent=Intent { act=android.intent.action.MAIN cat=[android.intent.category.LAUNCHER] cmp=com.example.lunchtray/androidx.fragment.app.testing.FragmentScenario$EmptyFragmentActivity (has extras) }, activity.getIntent()=Intent { act=android.intent.action.MAIN cat=[android.intent.category.LAUNCHER] flg=0x10008000 cmp=com.example.lunchtray/androidx.test.core.app.InstrumentationActivityInvoker$BootstrapActivity (has extras) }, activity=androidx.test.core.app.InstrumentationActivityInvoker$BootstrapActivity@770c76b
09-06 19:04:49.291 11115 11135 D HostConnection: createUnique: call
09-06 19:04:49.437 11115 11135 D HostConnection: HostConnection::get() New Host Connection established 0x7d1124a1a610, tid 11135
09-06 19:04:49.509  2971  2999 I FontLog : Received query Noto Color Emoji Compat, URI content://com.google.android.gms.fonts [CONTEXT service_id=132 ]
09-06 19:04:49.514  2971  2999 I FontLog : Query [emojicompat-emoji-font] resolved to {Noto Color Emoji Compat, wdth 100.0, wght 400, ital 0.0, bestEffort false} [CONTEXT service_id=132 ]
09-06 19:04:49.547  2174  2174 I A       : onApplyWindowInsets: systemWindowInsets=Insets{left=0, top=145, right=0, bottom=132}
09-06 19:04:49.559  2174  2174 I A       : onApplyWindowInsets: Adjusting for display cutouts. Safe insets: left=0, top=136, right=0, bottom=0
09-06 19:04:49.560  2174  2174 I A       : onApplyWindowInsets: systemWindowInsets=Insets{left=0, top=145, right=0, bottom=132}
09-06 19:04:49.588  2971  2999 I FontLog : Fetch {Noto Color Emoji Compat, wdth 100.0, wght 400, ital 0.0, bestEffort false} end status Status{statusCode=SUCCESS, resolution=null} [CONTEXT service_id=132 ]
09-06 19:04:49.624  2971  2999 I FontLog : Pulling font file for id = 52, cache size = 5 [CONTEXT service_id=132 ]
09-06 19:04:49.626 11115 11135 D HostConnection: HostComposition ext ANDROID_EMU_CHECKSUM_HELPER_v1 ANDROID_EMU_native_sync_v2 ANDROID_EMU_native_sync_v3 ANDROID_EMU_native_sync_v4 ANDROID_EMU_dma_v1 ANDROID_EMU_direct_mem ANDROID_EMU_host_composition_v1 ANDROID_EMU_host_composition_v2 ANDROID_EMU_YUV_Cache ANDROID_EMU_has_shared_slots_host_memory_allocator ANDROID_EMU_sync_buffer_data ANDROID_EMU_read_color_buffer_dma GL_OES_vertex_array_object GL_KHR_texture_compression_astc_ldr ANDROID_EMU_host_side_tracing ANDROID_EMU_gles_max_version_2
09-06 19:04:49.628   743  1024 D EGL_emulation: app_time_stats: avg=8885.50ms min=740.60ms max=17030.40ms count=2
09-06 19:04:49.671   170   170 I hwservicemanager: getTransport: Cannot find entry android.hardware.configstore@1.0::ISurfaceFlingerConfigs/default in either framework or device VINTF manifest.
09-06 19:04:49.676 11115 11135 W OpenGLRenderer: Failed to choose config with EGL_SWAP_BEHAVIOR_PRESERVED, retrying without...
09-06 19:04:49.678 11115 11135 W OpenGLRenderer: Failed to initialize 101010-2 format, error = EGL_SUCCESS
09-06 19:04:49.789  2971  2999 I FontLog : Pulling font file for id = 52, cache size = 5 [CONTEXT service_id=132 ]
09-06 19:04:49.886  2935  2935 D BoundBrokerSvc: onUnbind: Intent { act=com.google.android.gms.feedback.internal.IFeedbackService cmp=com.google.android.gms/.chimera.GmsBoundBrokerService }
09-06 19:04:50.191 11115 11135 D EGL_emulation: eglCreateContext: 0x7d1124a1a010: maj 2 min 0 rcv 2
09-06 19:04:50.450   743   743 I Choreographer: Skipped 45 frames!  The application may be doing too much work on its main thread.
09-06 19:04:50.539 11115 11135 D EGL_emulation: eglMakeCurrent: 0x7d1124a1a010: ver 2 0 (tinfo 0x7d1340532080) (first time)
09-06 19:04:50.547   743  6713 I OpenGLRenderer: Davey! duration=790ms; Flags=0, FrameTimelineVsyncId=55527, IntendedVsync=17844230391152, Vsync=17844230391152, InputEventId=0, HandleInputStart=17844242549100, AnimationStart=17844242565700, PerformTraversalsStart=17844242729900, DrawStart=17844242781300, FrameDeadline=17844263724484, FrameInterval=17844242539800, FrameStartTime=16666666, SyncQueued=17844242797400, SyncStart=17844282381700, IssueDrawCommandsStart=17844282417500, SwapBuffers=17844282698400, FrameCompleted=17845060768400, DequeueBufferDuration=766317200, QueueBufferDuration=10195300, GpuCompleted=17844294339800, SwapBuffersCompleted=17845060768400, DisplayPresentTime=-72057589759737856,
09-06 19:04:50.587   354   721 E HWComposer: getSupportedContentTypes: getSupportedContentTypes failed for display 4619827259835644672: Unsupported (8)
09-06 19:04:50.597   170   170 I hwservicemanager: getTransport: Cannot find entry android.hardware.graphics.mapper@4.0::IMapper/default in either framework or device VINTF manifest.
09-06 19:04:50.597 11115 11135 I Gralloc4: mapper 4.x is not supported
09-06 19:04:50.599   743  6713 I OpenGLRenderer: Davey! duration=785ms; Flags=0, FrameTimelineVsyncId=55532, IntendedVsync=17844297057816, Vsync=17845047057786, InputEventId=0, HandleInputStart=17845065078100, AnimationStart=17845065097200, PerformTraversalsStart=17845065243100, DrawStart=17845065288100, FrameDeadline=17844330391148, FrameInterval=17845062631800, FrameStartTime=16666666, SyncQueued=17845065302700, SyncStart=17845160705600, IssueDrawCommandsStart=17845160947300, SwapBuffers=17845161525400, FrameCompleted=17845178221200, DequeueBufferDuration=2264300, QueueBufferDuration=12900300, GpuCompleted=17845164721800, SwapBuffersCompleted=17845178221200, DisplayPresentTime=-72057589759737856,
09-06 19:04:50.607 11115 11135 D HostConnection: createUnique: call
09-06 19:04:50.679 11115 11135 D HostConnection: HostConnection::get() New Host Connection established 0x7d1124a19890, tid 11135
09-06 19:04:50.681 11115 11135 D goldfish-address-space: allocate: Ask for block of size 0x100
09-06 19:04:50.682 11115 11135 D goldfish-address-space: allocate: ioctl allocate returned offset 0x3efffe000 size 0x2000
09-06 19:04:50.694   743  1024 D EGL_emulation: app_time_stats: avg=12.06ms min=1.90ms max=41.37ms count=8
09-06 19:04:50.704   170   170 I hwservicemanager: getTransport: Cannot find entry android.hardware.graphics.allocator@4.0::IAllocator/default in either framework or device VINTF manifest.
09-06 19:04:50.705 11115 11135 W Gralloc4: allocator 4.x is not supported
09-06 19:04:50.715   325   391 D goldfish-address-space: claimShared: Ask to claim region [0x3f0fd0000 0x3f1974000]
09-06 19:04:51.017 11115 11135 D HostConnection: HostComposition ext ANDROID_EMU_CHECKSUM_HELPER_v1 ANDROID_EMU_native_sync_v2 ANDROID_EMU_native_sync_v3 ANDROID_EMU_native_sync_v4 ANDROID_EMU_dma_v1 ANDROID_EMU_direct_mem ANDROID_EMU_host_composition_v1 ANDROID_EMU_host_composition_v2 ANDROID_EMU_YUV_Cache ANDROID_EMU_has_shared_slots_host_memory_allocator ANDROID_EMU_sync_buffer_data ANDROID_EMU_read_color_buffer_dma GL_OES_vertex_array_object GL_KHR_texture_compression_astc_ldr ANDROID_EMU_host_side_tracing ANDROID_EMU_gles_max_version_2
09-06 19:04:51.049   325   391 D goldfish-address-space: claimShared: Ask to claim region [0x3f462c000 0x3f4fd0000]
09-06 19:04:51.099   325   391 D goldfish-address-space: claimShared: Ask to claim region [0x3f5974000 0x3f6318000]
09-06 19:04:51.253 11115 11136 I OpenGLRenderer: Davey! duration=2057ms; Flags=1, FrameTimelineVsyncId=55485, IntendedVsync=17843763724504, Vsync=17843880391166, InputEventId=0, HandleInputStart=17843886046700, AnimationStart=17843886072900, PerformTraversalsStart=17843886105600, DrawStart=17845645981600, FrameDeadline=17843780391170, FrameInterval=17843886003000, FrameStartTime=16666666, SyncQueued=17845657293300, SyncStart=17845689901100, IssueDrawCommandsStart=17845715697800, SwapBuffers=17845793905200, FrameCompleted=17845854021000, DequeueBufferDuration=30700, QueueBufferDuration=1297000, GpuCompleted=17845830836100, SwapBuffersCompleted=17845854021000, DisplayPresentTime=0,
09-06 19:04:51.367   549   574 I ActivityTaskManager: Displayed com.example.lunchtray/androidx.fragment.app.testing.FragmentScenario$EmptyFragmentActivity: +3s946ms
09-06 19:04:51.407 11115 11115 D CompatibilityChangeReporter: Compat change id reported: 171228096; UID 10149; state: ENABLED
09-06 19:04:52.545   549  1910 W InputManager-JNI: Input channel object '7395872 Splash Screen com.example.lunchtray (client)' was disposed without first being removed with the input manager!
09-06 19:04:52.919 11115 11133 D EventInjectionStrategy: Creating injection strategy with input manager.
09-06 19:04:52.931 11115 11133 W ample.lunchtra: Accessing hidden method Landroid/hardware/input/InputManager;->getInstance()Landroid/hardware/input/InputManager; (unsupported, reflection, allowed)
09-06 19:04:52.936 11115 11133 W ample.lunchtra: Accessing hidden method Landroid/hardware/input/InputManager;->injectInputEvent(Landroid/view/InputEvent;I)Z (unsupported, reflection, allowed)
09-06 19:04:53.040 11115 11133 W ample.lunchtra: Accessing hidden field Landroid/hardware/input/InputManager;->INJECT_INPUT_EVENT_MODE_WAIT_FOR_FINISH:I (unsupported, reflection, allowed)
09-06 19:04:53.153  2860  2860 I GoogleInputMethodService: GoogleInputMethodService.onFinishInput():3420
09-06 19:04:53.155  2860  2860 I GoogleInputMethodService: GoogleInputMethodService.onStartInput():2002
09-06 19:04:53.157  2860  2860 I DeviceUnlockedTag: DeviceUnlockedTag.notifyDeviceLockStatusChanged():31 Notify device unlocked.
09-06 19:04:53.405 11115 11128 I OpenGLRenderer: Davey! duration=745ms; Flags=0, FrameTimelineVsyncId=55644, IntendedVsync=17847247057698, Vsync=17847397057692, InputEventId=0, HandleInputStart=17847402099400, AnimationStart=17847402120200, PerformTraversalsStart=17847402666300, DrawStart=17847672527800, FrameDeadline=17847263724364, FrameInterval=17847402071600, FrameStartTime=16666666, SyncQueued=17847716589100, SyncStart=17847717117700, IssueDrawCommandsStart=17847717240600, SwapBuffers=17847972462400, FrameCompleted=17847992876800, DequeueBufferDuration=35100, QueueBufferDuration=1923000, GpuCompleted=17847992718100, SwapBuffersCompleted=17847992876800, DisplayPresentTime=0,
09-06 19:04:53.526 11115 11115 W ample.lunchtra: Accessing hidden method Landroid/os/MessageQueue;->next()Landroid/os/Message; (unsupported, reflection, allowed)
09-06 19:04:53.527 11115 11115 W ample.lunchtra: Accessing hidden field Landroid/os/MessageQueue;->mMessages:Landroid/os/Message; (unsupported, reflection, allowed)
09-06 19:04:53.533 11115 11115 W ample.lunchtra: Accessing hidden method Landroid/os/Message;->recycleUnchecked()V (unsupported, reflection, allowed)
09-06 19:04:53.547 11115 11115 W ample.lunchtra: Accessing hidden method Landroid/view/WindowManagerGlobal;->getInstance()Landroid/view/WindowManagerGlobal; (unsupported, reflection, allowed)
09-06 19:04:53.550 11115 11115 W ample.lunchtra: Accessing hidden field Landroid/view/WindowManagerGlobal;->mViews:Ljava/util/ArrayList; (unsupported, reflection, allowed)
09-06 19:04:53.553 11115 11115 W ample.lunchtra: Accessing hidden field Landroid/view/WindowManagerGlobal;->mParams:Ljava/util/ArrayList; (unsupported, reflection, allowed)
09-06 19:04:53.572 11115 11115 I ViewInteraction: Checking 'MatchesViewAssertion{viewMatcher=an instance of android.widget.TextView and view.getText() with or without transformation to match: a string containing "Cauliflower"}' assertion on view view.getId() is <2131230844/com.example.lunchtray:id/cauliflower>
09-06 19:04:53.610 11115 11115 I ViewInteraction: Checking 'MatchesViewAssertion{viewMatcher=an instance of android.widget.TextView and view.getText() with or without transformation to match: a string containing "Whole cauliflower"}' assertion on view view.getId() is <2131230845/com.example.lunchtray:id/cauliflower_description>
09-06 19:04:53.618 11115 11115 I ViewInteraction: Checking 'MatchesViewAssertion{viewMatcher=an instance of android.widget.TextView and view.getText() with or without transformation to match: a string containing "$7.00"}' assertion on view view.getId() is <2131230846/com.example.lunchtray:id/cauliflower_price>
09-06 19:04:53.627 11115 11115 I ViewInteraction: Checking 'MatchesViewAssertion{viewMatcher=an instance of android.widget.TextView and view.getText() with or without transformation to match: a string containing "Three Bean Chili"}' assertion on view view.getId() is <2131230858/com.example.lunchtray:id/chili>
09-06 19:04:53.634 11115 11115 I ViewInteraction: Checking 'MatchesViewAssertion{viewMatcher=an instance of android.widget.TextView and view.getText() with or without transformation to match: a string containing "Black beans"}' assertion on view view.getId() is <2131230859/com.example.lunchtray:id/chili_description>
09-06 19:04:53.642 11115 11115 I ViewInteraction: Checking 'MatchesViewAssertion{viewMatcher=an instance of android.widget.TextView and view.getText() with or without transformation to match: a string containing "$4.00"}' assertion on view view.getId() is <2131230860/com.example.lunchtray:id/chili_price>
09-06 19:04:53.650 11115 11115 I ViewInteraction: Checking 'MatchesViewAssertion{viewMatcher=an instance of android.widget.TextView and view.getText() with or without transformation to match: a string containing "Mushroom Pasta"}' assertion on view view.getId() is <2131231106/com.example.lunchtray:id/pasta>
09-06 19:04:53.658 11115 11115 I ViewInteraction: Checking 'MatchesViewAssertion{viewMatcher=an instance of android.widget.TextView and view.getText() with or without transformation to match: a string containing "Penne pasta"}' assertion on view view.getId() is <2131231107/com.example.lunchtray:id/pasta_description>
09-06 19:04:53.670 11115 11115 I ViewInteraction: Checking 'MatchesViewAssertion{viewMatcher=an instance of android.widget.TextView and view.getText() with or without transformation to match: a string containing "$5.50"}' assertion on view view.getId() is <2131231108/com.example.lunchtray:id/pasta_price>
09-06 19:04:53.677 11115 11115 I ViewInteraction: Checking 'MatchesViewAssertion{viewMatcher=an instance of android.widget.TextView and view.getText() with or without transformation to match: a string containing "Spicy Black Bean"}' assertion on view view.getId() is <2131231175/com.example.lunchtray:id/skillet>
09-06 19:04:53.685 11115 11115 I ViewInteraction: Checking 'MatchesViewAssertion{viewMatcher=an instance of android.widget.TextView and view.getText() with or without transformation to match: a string containing "Seasonal vegetables"}' assertion on view view.getId() is <2131231176/com.example.lunchtray:id/skillet_description>
09-06 19:04:53.691 11115 11115 I ViewInteraction: Checking 'MatchesViewAssertion{viewMatcher=an instance of android.widget.TextView and view.getText() with or without transformation to match: a string containing "$5.50"}' assertion on view view.getId() is <2131231177/com.example.lunchtray:id/skillet_price>
09-06 19:04:53.693 11115 11133 I TestRunner: finished: entree_menu_item_content(com.example.lunchtray.MenuContentTests)
